Unity Editor version:    6000.4.11f1 (b0a1d6caadd2)
Branch:                  6000.4/staging
Build type:              Release
Batch mode:              YES
macOS version:           Version 26.5.1 (Build 25F80)
Darwin version:          25.5.0
Architecture:            arm64
Running under Rosetta:   NO
Available memory:        8192 MB
Date:                    2026-07-20T08:39:25Z
[Licensing::Module] Trying to connect to existing licensing client channel...
[Licensing::IpcConnector] Successfully connected to: "LicenseClient-jinyeong" at "2026-07-20T08:39:25.46943Z"

COMMAND LINE ARGUMENTS:
/Applications/Unity/Hub/Editor/6000.4.11f1/Unity.app/Contents/MacOS/Unity
-adb2
-batchMode
-noUpm
-name
AssetImportWorker0
-projectPath
/Users/jinyeong/Desktop/SemiconCity
-logFile
Logs/AssetImportWorker0.log
-srvPort
49532
-licensingIpc
LicenseClient-jinyeong
-force-metal
-job-worker-count
3
-background-job-worker-count
8
-gc-helper-count
1
-name AssetImport
Successfully changed project path to: /Users/jinyeong/Desktop/SemiconCity
/Users/jinyeong/Desktop/SemiconCity
[UnityMemory] Configuration Parameters - Can be set up in boot.config
    "memorysetup-temp-allocator-size-gi-baking-worker=262144"
    "memorysetup-temp-allocator-size-gi-baking-worker=262144"
    "memorysetup-temp-allocator-size-gi-baking-worker=262144"
    "memorysetup-temp-allocator-size-gi-baking-worker=262144"
    "memorysetup-temp-allocator-size-gi-baking-worker=262144"
    "memorysetup-temp-allocator-size-nav-mesh-worker=65536"
    "memorysetup-temp-allocator-size-audio-worker=65536"
    "memorysetup-temp-allocator-size-cloud-worker=32768"
    "memorysetup-allocator-temp-initial-block-size-main=262144"
    "memorysetup-allocator-temp-initial-block-size-worker=262144"
    "memorysetup-temp-allocator-size-background-worker=32768"
    "memorysetup-temp-allocator-size-job-worker=262144"
    "memorysetup-temp-allocator-size-preload-manager=33554432"
    "memorysetup-temp-allocator-size-gfx=262144"
    "memorysetup-bucket-allocator-granularity=16"
    "memorysetup-bucket-allocator-bucket-count=8"
    "memorysetup-bucket-allocator-block-size=33554432"
    "memorysetup-bucket-allocator-block-count=8"
    "memorysetup-main-allocator-block-size=16777216"
    "memorysetup-thread-allocator-block-size=16777216"
    "memorysetup-gfx-main-allocator-block-size=16777216"
    "memorysetup-gfx-thread-allocator-block-size=16777216"
    "memorysetup-cache-allocator-block-size=4194304"
    "memorysetup-typetree-allocator-block-size=2097152"
    "memorysetup-profiler-bucket-allocator-granularity=16"
    "memorysetup-profiler-bucket-allocator-bucket-count=8"
    "memorysetup-profiler-bucket-allocator-block-size=33554432"
    "memorysetup-profiler-bucket-allocator-block-count=8"
    "memorysetup-profiler-allocator-block-size=16777216"
    "memorysetup-profiler-editor-allocator-block-size=1048576"
    "memorysetup-temp-allocator-size-main=16777216"
    "memorysetup-job-temp-allocator-block-size=2097152"
    "memorysetup-job-temp-allocator-block-size-background=1048576"
    "memorysetup-job-temp-allocator-reduction-small-platforms=262144"
Player connection [8321687168]  Target information:

Player connection [8321687168]  * "[IP] 192.168.0.19 [Port] 0 [Flags] 2 [Guid] 1488493104 [EditorId] 1488493104 [Version] 1048832 [Id] OSXEditor(0,jinyeong-ui-MacBookAir.local) [Debug] 1 [PackageName] OSXEditor [ProjectName] Editor" 

Player connection [8321687168] Host joined multi-casting on [225.0.0.222:54997]...
Player connection [8321687168] Host joined alternative multi-casting on [225.0.0.222:34997]...
JobSystem: Creating JobQueue using job-worker-count value 3
Input System module state changed to: Initialized.
[Physics::Module] Initialized fallback backend.
[Physics::Module] Id: 0xdecafbad
Library Redirect Path: Library/
[Licensing::Client] Handshaking with LicensingClient:
  Version:                 1.18.1+9fbee8e
  Session Id:              48e6f24872694a6cad52a885a82c5d89
  Correlation Id:          9a0fbbdd4ed926b9ed68809cf99196b4
  External correlation Id: 7693401408037923163
  Machine Id:              IoE2QF0i32GxBpVmWba+HJ7pWHc=
[Licensing::Module] Successfully connected to LicensingClient on channel: "LicenseClient-jinyeong" (connect: 0.00s, validation: 0.00s, handshake: 0.64s)
[Licensing::IpcConnector] Successfully connected to: "LicenseClient-jinyeong-notifications" at "2026-07-20T08:39:26.105954Z"
[Licensing::Module] Licensing Background thread has ended after 0.64s
[Physics::Module] Selected backend.
[Physics::Module] Name: PhysX
[Physics::Module] Id: 0xf2b8ea05
[Physics::Module] SDK Version: 4.1.2
[Physics::Module] Integration Version: 1.0.0
[Physics::Module] Threading Mode: Multi-Threaded
Refreshing native plugins compatible for Editor in 7.18 ms, found 2 plugins.
Initialize engine version: 6000.4.11f1 (b0a1d6caadd2)
[Subsystems] Discovering subsystems at path /Applications/Unity/Hub/Editor/6000.4.11f1/Unity.app/Contents/Resources/UnitySubsystems
[Subsystems] Discovering subsystems at path /Users/jinyeong/Desktop/SemiconCity/Assets
Forcing GfxDevice: Metal
GfxDevice: creating device client; kGfxThreadingModeNonThreaded
 preferred device: Apple M2 (high power)
Metal devices available: 1
0: Apple M2 (high power)
Using device Apple M2 (high power)
Initializing Metal device caps: Apple M2
Mac GPU Family: 2
Apple GPU Family: 8
MSL Version: 3.0
Has Float MSAA: 1
Has Float Filtering: 1
ReadWrite Texture Tier: 2
Initialize mono
Mono path[0] = '/Applications/Unity/Hub/Editor/6000.4.11f1/Unity.app/Contents/Resources/Scripting/Managed'
Mono path[1] = '/Applications/Unity/Hub/Editor/6000.4.11f1/Unity.app/Contents/Resources/Scripting/MonoBleedingEdge/lib/mono/unityjit-macos'
Mono config path = '/Applications/Unity/Hub/Editor/6000.4.11f1/Unity.app/Contents/Resources/Scripting/MonoBleedingEdge/etc'
Using monoOptions --debugger-agent=transport=dt_socket,embedding=1,server=y,suspend=n,address=127.0.0.1:56024
CodeReloadManager initialized
Begin MonoManager ReloadAssembly
Registering precompiled unity dll's ...
Register platform support module: /Applications/Unity/Hub/Editor/6000.4.11f1/PlaybackEngines/WebGLSupport/UnityEditor.WebGL.Extensions.dll
Register platform support module: /Applications/Unity/Hub/Editor/6000.4.11f1/Unity.app/Contents/PlaybackEngines/MacStandaloneSupport/UnityEditor.OSXStandalone.Extensions.dll
Registered in 0.001322 seconds.
Native extension for OSXStandalone target not found
Native extension for WebGL target not found
Package Manager log level set to [2]
[Package Manager] Failed to launch server process. Reason: Unity was launched with the -noUpm command-line argument
[Package Manager] Unable to send message (not connected to server process).
[Package Manager] Cannot connect to Unity Package Manager local server
ScheduleIndexationOnStartup MainProcess:False IndexOnStartup:True
Mono: successfully reloaded assembly
- Finished resetting the current domain, in  0.280 seconds
Domain Reload Profiling: 601ms
	BeginReloadAssembly (89ms)
	RebuildCommonClasses (28ms)
	RebuildNativeTypeToScriptingClass (11ms)
	initialDomainReloadingComplete (38ms)
	LoadAllAssembliesAndSetupDomain (154ms)
		LoadAssemblies (89ms)
		AnalyzeDomain (147ms)
			TypeCache.Refresh (146ms)
				TypeCache.ScanAssembly (133ms)
	FinalizeReload (281ms)
		SetupLoadedEditorAssemblies (0ms)
			InitializePlatformSupportModulesInManaged (29ms)
			BeforeProcessingInitializeOnLoad (58ms)
			ProcessInitializeOnLoadAttributes (72ms)
			ProcessInitializeOnLoadMethodAttributes (64ms)
[CoreBusinessMetrics] Unexpected thread when updating session info.
========================================================================
Worker process is ready to serve import requests
Import Worker Mode flag is 0x00
Begin MonoManager ReloadAssembly
[Licensing::Client] Successfully resolved entitlement details
[Licensing::Module] License group:
  Id: 14569747276896-UnityPersXXXX
  Product: Unity Personal
  Type: Assigned
  Expiration: Unlimited
Assembly Assembly-CSharp-Editor-firstpass.dll at Library/ScriptAssemblies/Assembly-CSharp-Editor-firstpass.dll not valid. Loading of assembly skipped.
Assembly Assembly-CSharp-firstpass.dll at Library/ScriptAssemblies/Assembly-CSharp-firstpass.dll not valid. Loading of assembly skipped.
Assembly DocCodeExamples.dll at Library/ScriptAssemblies/DocCodeExamples.dll not valid. Loading of assembly skipped.
Assembly TestNewCustomAssembly.dll at Library/ScriptAssemblies/TestNewCustomAssembly.dll not valid. Loading of assembly skipped.
Assembly Unity.Collections.BurstCompatibilityGen.dll at Library/ScriptAssemblies/Unity.Collections.BurstCompatibilityGen.dll not valid. Loading of assembly skipped.
Assembly Unity.Collections.DocCodeSamples.dll at Library/ScriptAssemblies/Unity.Collections.DocCodeSamples.dll not valid. Loading of assembly skipped.
Assembly Unity.Collections.PerformanceTests.dll at Library/ScriptAssemblies/Unity.Collections.PerformanceTests.dll not valid. Loading of assembly skipped.
Assembly Unity.Collections.Tests.dll at Library/ScriptAssemblies/Unity.Collections.Tests.dll not valid. Loading of assembly skipped.
Assembly Unity.Collections.Tests.Playmode.dll at Library/ScriptAssemblies/Unity.Collections.Tests.Playmode.dll not valid. Loading of assembly skipped.
Assembly Unity.InputSystem.IntegrationTests.dll at Library/ScriptAssemblies/Unity.InputSystem.IntegrationTests.dll not valid. Loading of assembly skipped.
Assembly Unity.Mathematics.Tests.dll at Library/ScriptAssemblies/Unity.Mathematics.Tests.dll not valid. Loading of assembly skipped.
Assembly Unity.Multiplayer.Center.Editor.Tests.dll at Library/ScriptAssemblies/Unity.Multiplayer.Center.Editor.Tests.dll not valid. Loading of assembly skipped.
Assembly Unity.Multiplayer.Center.Tests.dll at Library/ScriptAssemblies/Unity.Multiplayer.Center.Tests.dll not valid. Loading of assembly skipped.
Assembly Unity.Nuget.Mono-Cecil.dll at Library/ScriptAssemblies/Unity.Nuget.Mono-Cecil.dll not valid. Loading of assembly skipped.
Assembly Unity.PathTracing.Editor.Tests.dll at Library/ScriptAssemblies/Unity.PathTracing.Editor.Tests.dll not valid. Loading of assembly skipped.
Assembly Unity.PathTracing.Runtime.Tests.dll at Library/ScriptAssemblies/Unity.PathTracing.Runtime.Tests.dll not valid. Loading of assembly skipped.
Assembly Unity.RenderPipelines.Core.Editor.Tests.dll at Library/ScriptAssemblies/Unity.RenderPipelines.Core.Editor.Tests.dll not valid. Loading of assembly skipped.
Assembly Unity.RenderPipelines.Core.Runtime.Tests.dll at Library/ScriptAssemblies/Unity.RenderPipelines.Core.Runtime.Tests.dll not valid. Loading of assembly skipped.
Assembly Unity.RenderPipelines.Universal.Config.Editor.Tests.dll at Library/ScriptAssemblies/Unity.RenderPipelines.Universal.Config.Editor.Tests.dll not valid. Loading of assembly skipped.
Assembly Unity.RenderPipelines.Universal.Editor.Tests.dll at Library/ScriptAssemblies/Unity.RenderPipelines.Universal.Editor.Tests.dll not valid. Loading of assembly skipped.
Assembly Unity.RenderPipelines.Universal.Runtime.Tests.dll at Library/ScriptAssemblies/Unity.RenderPipelines.Universal.Runtime.Tests.dll not valid. Loading of assembly skipped.
Assembly Unity.Searcher.EditorTests.dll at Library/ScriptAssemblies/Unity.Searcher.EditorTests.dll not valid. Loading of assembly skipped.
Assembly Unity.Settings.Tests.dll at Library/ScriptAssemblies/Unity.Settings.Tests.dll not valid. Loading of assembly skipped.
Assembly Unity.ShaderGraph.Editor.Tests.dll at Library/ScriptAssemblies/Unity.ShaderGraph.Editor.Tests.dll not valid. Loading of assembly skipped.
Assembly Unity.TextMeshPro.Editor.Tests.dll at Library/ScriptAssemblies/Unity.TextMeshPro.Editor.Tests.dll not valid. Loading of assembly skipped.
Assembly Unity.TextMeshPro.Tests.dll at Library/ScriptAssemblies/Unity.TextMeshPro.Tests.dll not valid. Loading of assembly skipped.
Assembly Unity.UnifiedRayTracing.Editor.Tests.dll at Library/ScriptAssemblies/Unity.UnifiedRayTracing.Editor.Tests.dll not valid. Loading of assembly skipped.
Assembly UnityEditor.UI.Common.Tests.dll at Library/ScriptAssemblies/UnityEditor.UI.Common.Tests.dll not valid. Loading of assembly skipped.
Assembly UnityEditor.UI.EditorTests.dll at Library/ScriptAssemblies/UnityEditor.UI.EditorTests.dll not valid. Loading of assembly skipped.
Assembly UnityEngine.UI.Tests.dll at Library/ScriptAssemblies/UnityEngine.UI.Tests.dll not valid. Loading of assembly skipped.
Native extension for OSXStandalone target not found
Native extension for WebGL target not found
[Package Manager] Failed to launch server process. Reason: Unity was launched with the -noUpm command-line argument
[Package Manager] Unable to send message (not connected to server process).
[Package Manager] Cannot connect to Unity Package Manager local server
[Package Manager] Failed to launch server process. Reason: Unity was launched with the -noUpm command-line argument
[Package Manager] Unable to send message (not connected to server process).
[Package Manager] Cannot connect to Unity Package Manager local server
ScheduleIndexationOnStartup MainProcess:False IndexOnStartup:True
Mono: successfully reloaded assembly
- Finished resetting the current domain, in  0.556 seconds
Domain Reload Profiling: 1175ms
	BeginReloadAssembly (102ms)
		DisableScriptedObjects (3ms)
		CreateAndSetChildDomain (16ms)
	RebuildCommonClasses (27ms)
	RebuildNativeTypeToScriptingClass (11ms)
	initialDomainReloadingComplete (65ms)
	LoadAllAssembliesAndSetupDomain (415ms)
		LoadAssemblies (247ms)
		AnalyzeDomain (213ms)
			TypeCache.Refresh (147ms)
				TypeCache.ScanAssembly (124ms)
			BuildScriptInfoCaches (58ms)
			ResolveRequiredComponents (7ms)
	FinalizeReload (556ms)
		SetupLoadedEditorAssemblies (0ms)
			BeforeProcessingInitializeOnLoad (93ms)
			ProcessInitializeOnLoadAttributes (223ms)
			ProcessInitializeOnLoadMethodAttributes (43ms)
WARNING: Shader Unsupported: 'Universal Render Pipeline/VR/SpatialMapping/Wireframe' - All subshaders removed
WARNING: Shader Did you use #pragma only_renderers and omit this platform?
WARNING: Shader If subshaders removal was intentional, you may have forgotten turning Fallback off?
Shader Hidden/ChartRasterizerHardware is not supported: GPU does not support conservative rasterization
Shader Hidden/ChartRasterizerHardware is not supported: GPU does not support conservative rasterization
Launching external process: /Applications/Unity/Hub/Editor/6000.4.11f1/Unity.app/Contents/Helpers/UnityShaderCompiler
Launched and connected shader compiler UnityShaderCompiler after 0.06 seconds
Unloading 26 Unused Serialized files (Serialized files now loaded: 0)
Unloading 6683 unused Assets / (4.8 MB). Loaded Objects now: 7493.
Memory consumption went from 149.0 MB to 144.2 MB.
Total: 9.216125 ms (FindLiveObjects: 0.863084 ms CreateObjectMapping: 0.273000 ms MarkObjects: 6.387959 ms  DeleteObjects: 1.691583 ms)

========================================================================
Received Import Request.
  Time since last request: 228.458601 seconds.
  path: Assets/Materials/textures
  importAddress: Guid(161f0963e34574241b0c07e23686aac1) Importer(2089858483,b0f066a214c2f5e87bad3c948f4d605d)
Start importing Assets/Materials/textures using Guid(161f0963e34574241b0c07e23686aac1) Importer(2089858483,b0f066a214c2f5e87bad3c948f4d605d) (ScriptedImporter) -> (Import Result ID: '2f258f32e5868ea9d03fdbc4437fc0c3') in 0.038773458 seconds [static and dynamic dependencies]. Details - ImportResultOutputID=edcbda7eda21edab22a5ca6a497073d7 DependenciesID=d55e0d55578d908f917b69902e065c09 StaticDependenciesID=7169ef1160dda121f85f950794fc0f95 
Number of updated asset objects reloaded before import = 0Number of asset objects unloaded after import = 1

========================================================================
Received Import Request.
  Time since last request: 0.000059 seconds.
  path: Assets/Materials/textures/concrete_pavement_02_diff_4k.jpg
  importAddress: Guid(80160c9b922204836b1f62c9101f6995) Importer(2089858483,b0f066a214c2f5e87bad3c948f4d605d)
Start importing Assets/Materials/textures/concrete_pavement_02_diff_4k.jpg using Guid(80160c9b922204836b1f62c9101f6995) Importer(2089858483,b0f066a214c2f5e87bad3c948f4d605d) (ScriptedImporter) -> (Import Result ID: 'fad3decce56d62c18884dd1dc9955970') in 0.059793625 seconds [static and dynamic dependencies]. Details - ImportResultOutputID=bf0a0b5676997ecf7a5a62706ef2d7c8 DependenciesID=9e36bac86f8482442b831ae4f2ef0948 StaticDependenciesID=650c1dc44b0c6f4d3cf1898d664c6fad 
Number of updated asset objects reloaded before import = 0Number of asset objects unloaded after import = 1

========================================================================
Received Import Request.
  Time since last request: 0.000065 seconds.
  path: Assets/Materials/Walkway/ConcretePavement02
  importAddress: Guid(ca22a9b19f6f84816a8537a0cab7e21a) Importer(2089858483,b0f066a214c2f5e87bad3c948f4d605d)
Start importing Assets/Materials/Walkway/ConcretePavement02 using Guid(ca22a9b19f6f84816a8537a0cab7e21a) Importer(2089858483,b0f066a214c2f5e87bad3c948f4d605d) (ScriptedImporter) -> (Import Result ID: '7f4530cf7076c7f5300522ba0f77ac6c') in 0.001769875 seconds [static and dynamic dependencies]. Details - ImportResultOutputID=bd49de44680caf823f30c9fe1ae0af99 DependenciesID=e1e105f14f6155b6788fc403dd924e1d StaticDependenciesID=5859f0133201e9ae68a410d676f5be05 
Number of updated asset objects reloaded before import = 0Number of asset objects unloaded after import = 1

========================================================================
Received Import Request.
  Time since last request: 0.000039 seconds.
  path: Assets/Materials/Walkway/ConcretePavement02/MAT_ConcretePavement02_URP.mat
  importAddress: Guid(81ac397039c444bf485c99f65d5e0951) Importer(2089858483,b0f066a214c2f5e87bad3c948f4d605d)
Start importing Assets/Materials/Walkway/ConcretePavement02/MAT_ConcretePavement02_URP.mat using Guid(81ac397039c444bf485c99f65d5e0951) Importer(2089858483,b0f066a214c2f5e87bad3c948f4d605d) (ScriptedImporter) -> (Import Result ID: '164bc1fd7a876a956b9ea7d515168834') in 0.045217708 seconds [static and dynamic dependencies]. Details - ImportResultOutputID=5af9eaa38672c3ac3c164c8039df2805 DependenciesID=a6ea5b819fd7c4622e47a1dd2feec8a1 StaticDependenciesID=015413426f307cf1be6a274ea319328d 
Number of updated asset objects reloaded before import = 0Number of asset objects unloaded after import = 5

========================================================================
Received Import Request.
  Time since last request: 0.000049 seconds.
  path: Assets/Materials/Walkway/ConcretePavement02/ConcretePavement02_Roughness_2K.jpg
  importAddress: Guid(7c41ceb4151e84a5eba5c7115b58b393) Importer(2089858483,b0f066a214c2f5e87bad3c948f4d605d)
Start importing Assets/Materials/Walkway/ConcretePavement02/ConcretePavement02_Roughness_2K.jpg using Guid(7c41ceb4151e84a5eba5c7115b58b393) Importer(2089858483,b0f066a214c2f5e87bad3c948f4d605d) (ScriptedImporter) -> (Import Result ID: 'ae36176dcecf6f722ec58ffcdce75b18') in 0.009125625 seconds [static and dynamic dependencies]. Details - ImportResultOutputID=69ff23a3ff4853b101b553f8674cd656 DependenciesID=d1b2e670c1594ef387023712351e740b StaticDependenciesID=5ad86b468c49262b4e1f768fe49d3138 
Number of updated asset objects reloaded before import = 0Number of asset objects unloaded after import = 1

========================================================================
Received Import Request.
  Time since last request: 0.000043 seconds.
  path: Assets/Editor/CreateConcretePavementMaterial.cs
  importAddress: Guid(a7d8ecadef1334f9a81d90255765d3bd) Importer(2089858483,b0f066a214c2f5e87bad3c948f4d605d)
Start importing Assets/Editor/CreateConcretePavementMaterial.cs using Guid(a7d8ecadef1334f9a81d90255765d3bd) Importer(2089858483,b0f066a214c2f5e87bad3c948f4d605d) (ScriptedImporter) -> (Import Result ID: 'e8d4fca90194eafacf2763b145041b46') in 0.00811 seconds [static and dynamic dependencies]. Details - ImportResultOutputID=87573e4009cd341786979df8099f0b61 DependenciesID=a0c991f6eaad9c62b3a994845000861e StaticDependenciesID=04a00581a9b56d8c68e97de4621537dd 
Number of updated asset objects reloaded before import = 0Number of asset objects unloaded after import = 0

========================================================================
Received Import Request.
  Time since last request: 0.000037 seconds.
  path: Assets/Materials/Willow_Branch_Blue.mat
  importAddress: Guid(af0497010901f254a9fe6230f5a174a4) Importer(2089858483,b0f066a214c2f5e87bad3c948f4d605d)
Start importing Assets/Materials/Willow_Branch_Blue.mat using Guid(af0497010901f254a9fe6230f5a174a4) Importer(2089858483,b0f066a214c2f5e87bad3c948f4d605d) (ScriptedImporter) -> (Import Result ID: '29d2800b7026ba25d75ee253771fb626') in 0.005003042 seconds [static and dynamic dependencies]. Details - ImportResultOutputID=f618202504a7eee64c152def142afc42 DependenciesID=6737572f820d6c7ef4cb51f47f6da258 StaticDependenciesID=effe0f135259a86239686b1fbbe271e4 
Number of updated asset objects reloaded before import = 0Number of asset objects unloaded after import = 2

========================================================================
Received Import Request.
  Time since last request: 0.000040 seconds.
  path: Assets/Materials/Walkway/ConcretePavement02/LICENSE_SOURCE.txt
  importAddress: Guid(03a7618f700fb4202b0762f9c74215e4) Importer(2089858483,b0f066a214c2f5e87bad3c948f4d605d)
Start importing Assets/Materials/Walkway/ConcretePavement02/LICENSE_SOURCE.txt using Guid(03a7618f700fb4202b0762f9c74215e4) Importer(2089858483,b0f066a214c2f5e87bad3c948f4d605d) (ScriptedImporter) -> (Import Result ID: '5a74a8ad81cb446ca2f8c34e591489a5') in 0.006551334 seconds [static and dynamic dependencies]. Details - ImportResultOutputID=7598a13495bb03befebe8ebc9c0f0a90 DependenciesID=6dade16be573d87b0aff55566c58ea6b StaticDependenciesID=3b7b198e83cb5239c6b4d9df8d206493 
Number of updated asset objects reloaded before import = 0Number of asset objects unloaded after import = 1

========================================================================
Received Import Request.
  Time since last request: 0.000044 seconds.
  path: Assets/Materials/Walkway/ConcretePavement02/ConcretePavement02_AO_2K.jpg
  importAddress: Guid(82e8c28a11be34cf2baeb386c232da56) Importer(2089858483,b0f066a214c2f5e87bad3c948f4d605d)
Start importing Assets/Materials/Walkway/ConcretePavement02/ConcretePavement02_AO_2K.jpg using Guid(82e8c28a11be34cf2baeb386c232da56) Importer(2089858483,b0f066a214c2f5e87bad3c948f4d605d) (ScriptedImporter) -> (Import Result ID: '103f7aac84c43e31a70111d36a3fe585') in 0.005647083 seconds [static and dynamic dependencies]. Details - ImportResultOutputID=3aa2f7fb8b7e4a6e4ed131f94d98d1f0 DependenciesID=3791ca45618c7c356b13c5d54b0fc8af StaticDependenciesID=bc21d672e4f116144b4cab470b313ca2 
Number of updated asset objects reloaded before import = 0Number of asset objects unloaded after import = 1

========================================================================
Received Import Request.
  Time since last request: 0.000048 seconds.
  path: Assets/Materials/Walkway/ConcretePavement02/ConcretePavement02_BaseColor_2K.jpg
  importAddress: Guid(b075773fd4ab74232a9fc7a4fb335c75) Importer(2089858483,b0f066a214c2f5e87bad3c948f4d605d)
Start importing Assets/Materials/Walkway/ConcretePavement02/ConcretePavement02_BaseColor_2K.jpg using Guid(b075773fd4ab74232a9fc7a4fb335c75) Importer(2089858483,b0f066a214c2f5e87bad3c948f4d605d) (ScriptedImporter) -> (Import Result ID: '59c8ba019124496cfb8a480dbfc1d35c') in 0.005087208 seconds [static and dynamic dependencies]. Details - ImportResultOutputID=f248a469957239615296407fe966ac79 DependenciesID=e8e669c1ba664c2d3de8ba7cf37c4ca0 StaticDependenciesID=5542d572b2e259cdb00d3097f9257779 
Number of updated asset objects reloaded before import = 0Number of asset objects unloaded after import = 1

========================================================================
Received Import Request.
  Time since last request: 0.000045 seconds.
  path: Assets/Semicon_World.unity
  importAddress: Guid(1908b3c5d79b8493fb9de9daaeaf757c) Importer(2089858483,b0f066a214c2f5e87bad3c948f4d605d)
Start importing Assets/Semicon_World.unity using Guid(1908b3c5d79b8493fb9de9daaeaf757c) Importer(2089858483,b0f066a214c2f5e87bad3c948f4d605d) (ScriptedImporter) -> (Import Result ID: 'aeb023f2937b3994f67763fb2ed6621c') in 0.0961545 seconds [static and dynamic dependencies]. Details - ImportResultOutputID=ca264764449882aec512f15afa3add4f DependenciesID=b7a178b52137cb168ae9691dde98ecb5 StaticDependenciesID=a9a22a0a7d2507aff08ecdc592d29a93 
Number of updated asset objects reloaded before import = 0Number of asset objects unloaded after import = 1

========================================================================
Received Import Request.
  Time since last request: 0.000057 seconds.
  path: Assets/Materials/textures/concrete_pavement_02_rough_4k.exr
  importAddress: Guid(9eabe88476aa14d15af3a717f847eb80) Importer(2089858483,b0f066a214c2f5e87bad3c948f4d605d)
Start importing Assets/Materials/textures/concrete_pavement_02_rough_4k.exr using Guid(9eabe88476aa14d15af3a717f847eb80) Importer(2089858483,b0f066a214c2f5e87bad3c948f4d605d) (ScriptedImporter) -> (Import Result ID: '10399a6767c51a4caca0af94bc317393') in 0.016352958 seconds [static and dynamic dependencies]. Details - ImportResultOutputID=c9a4b3ff12ee10ada34ada7cf9d2f01a DependenciesID=185043e45a1280f667ddb9209e2c99df StaticDependenciesID=4744630f0f73e60c06b8e574006f9e17 
Number of updated asset objects reloaded before import = 0Number of asset objects unloaded after import = 1

========================================================================
Received Import Request.
  Time since last request: 469.101973 seconds.
  path: Assets/Materials/Walkway/ConcretePavement02/ConcretePavement02_AO_2K.jpg
  importAddress: Guid(82e8c28a11be34cf2baeb386c232da56) Importer(815301076,1909f56bfc062723c751e8b465ee728b)
Start importing Assets/Materials/Walkway/ConcretePavement02/ConcretePavement02_AO_2K.jpg using Guid(82e8c28a11be34cf2baeb386c232da56) Importer(815301076,1909f56bfc062723c751e8b465ee728b) (PreviewImporter) -> (Import Result ID: '3532a3ef3e01be3df03a089df79e00c8') in 0.18381 seconds [static and dynamic dependencies]. Details - ImportResultOutputID=af219b330df99f3ea0dca64638e530cc DependenciesID=1ac2fa8e505418d4ba6dd6551a709867 StaticDependenciesID=c808a0122f16b4892a39ae847ce32f57 
Number of updated asset objects reloaded before import = 0Number of asset objects unloaded after import = 2

========================================================================
Received Import Request.
  Time since last request: 0.000081 seconds.
  path: Assets/Materials/Walkway/ConcretePavement02/ConcretePavement02_Height_2K.jpg
  importAddress: Guid(7924f4d1b20264792a60ed0b952fccf7) Importer(815301076,1909f56bfc062723c751e8b465ee728b)
Start importing Assets/Materials/Walkway/ConcretePavement02/ConcretePavement02_Height_2K.jpg using Guid(7924f4d1b20264792a60ed0b952fccf7) Importer(815301076,1909f56bfc062723c751e8b465ee728b) (PreviewImporter) -> (Import Result ID: '7df4c88550875f57b29b63f538335097') in 0.008585667 seconds [static and dynamic dependencies]. Details - ImportResultOutputID=643c863e048cc03342ce6641166a85b5 DependenciesID=32d7ce70d90714a4754b5d92b0802f78 StaticDependenciesID=cf17d31591fc8cd5d0e4d40c0363e20e 
Number of updated asset objects reloaded before import = 0Number of asset objects unloaded after import = 2

========================================================================
Received Import Request.
  Time since last request: 0.000057 seconds.
  path: Assets/Materials/Walkway/ConcretePavement02/ConcretePavement02_NormalGL_2K.jpg
  importAddress: Guid(dfe156338142641de8b3d3c8a867084f) Importer(815301076,1909f56bfc062723c751e8b465ee728b)
Start importing Assets/Materials/Walkway/ConcretePavement02/ConcretePavement02_NormalGL_2K.jpg using Guid(dfe156338142641de8b3d3c8a867084f) Importer(815301076,1909f56bfc062723c751e8b465ee728b) (PreviewImporter) -> (Import Result ID: '6db5b99e1f0f057f081ffb0d67d41621') in 0.026814083 seconds [static and dynamic dependencies]. Details - ImportResultOutputID=ed9a445342a16d7a5ea2ca7b4e906542 DependenciesID=abf3f4faf0ff75e4067baba3b5cbd280 StaticDependenciesID=fab73f32e2165399086ded3e3aec3b57 
Number of updated asset objects reloaded before import = 0Number of asset objects unloaded after import = 2

========================================================================
Received Prepare
WARNING: Shader Unsupported: 'Universal Render Pipeline/VR/SpatialMapping/Wireframe' - All subshaders removed
WARNING: Shader Did you use #pragma only_renderers and omit this platform?
WARNING: Shader If subshaders removal was intentional, you may have forgotten turning Fallback off?
Shader Hidden/ChartRasterizerHardware is not supported: GPU does not support conservative rasterization
Refreshing native plugins compatible for Editor in 4.11 ms, found 2 plugins.
Unloading 26 Unused Serialized files (Serialized files now loaded: 0)
Unloading 28 unused Assets / (2.7 MB). Loaded Objects now: 7500.
Memory consumption went from 145.9 MB to 143.3 MB.
Total: 23.811042 ms (FindLiveObjects: 0.421333 ms CreateObjectMapping: 0.616667 ms MarkObjects: 21.981000 ms  DeleteObjects: 0.648042 ms)

Prepare: number of updated asset objects reloaded= 0
========================================================================
Received Import Request.
  Time since last request: 1078.557384 seconds.
  path: Assets/MicroVerse-Extras/Terrain Textures/Demo/Demo Terrain.asset
  importAddress: Guid(ec6812e6eba73934b926f2eacae04b50) Importer(815301076,1909f56bfc062723c751e8b465ee728b)
Start importing Assets/MicroVerse-Extras/Terrain Textures/Demo/Demo Terrain.asset using Guid(ec6812e6eba73934b926f2eacae04b50) Importer(815301076,1909f56bfc062723c751e8b465ee728b) (PreviewImporter) -> (Import Result ID: 'a63c9912a80e0865a2ee1730683b9c28') in 0.055877166 seconds [static and dynamic dependencies]. Details - ImportResultOutputID=dd5da62ad835561741154b7d13920070 DependenciesID=2f2893040c4b409c9869463580873d36 StaticDependenciesID=c120224d712e04378e3195731564ecce 
Number of updated asset objects reloaded before import = 0Number of asset objects unloaded after import = 3

========================================================================
Received Import Request.
  Time since last request: 0.001814 seconds.
  path: Assets/Idyllic Fantasy Nature/Demo/Settings/Water_Terrain.asset
  importAddress: Guid(f21e8eebd6925da4da24f288bf56e9be) Importer(815301076,1909f56bfc062723c751e8b465ee728b)
Start importing Assets/Idyllic Fantasy Nature/Demo/Settings/Water_Terrain.asset using Guid(f21e8eebd6925da4da24f288bf56e9be) Importer(815301076,1909f56bfc062723c751e8b465ee728b) (PreviewImporter) -> (Import Result ID: '4648a681c9b1634f6821d4a850b0e69b') in 0.01759975 seconds [static and dynamic dependencies]. Details - ImportResultOutputID=d579c11c502322cc992692155d4b0ac7 DependenciesID=1fa5ccb78ac7ecb1b6733d8182d0f27e StaticDependenciesID=9773e89b936cfd35e9742090aba954e4 
Number of updated asset objects reloaded before import = 0Number of asset objects unloaded after import = 66

========================================================================
Received Import Request.
  Time since last request: 113.235126 seconds.
  path: Assets/New Terrain 1.asset
  importAddress: Guid(b30bedfe7f20e4c27860f2b393f4c77f) Importer(2089858483,b0f066a214c2f5e87bad3c948f4d605d)
Start importing Assets/New Terrain 1.asset using Guid(b30bedfe7f20e4c27860f2b393f4c77f) Importer(2089858483,b0f066a214c2f5e87bad3c948f4d605d) (ScriptedImporter) -> (Import Result ID: 'a172c8c163e273d4803caacd5a40e46c') in 0.022287375 seconds [static and dynamic dependencies]. Details - ImportResultOutputID=c808f81c04430a43dda732a88c0daf2d DependenciesID=d14a884b832743273d4dc0b9222c0e60 StaticDependenciesID=2857323e22617ca623e7037f6b901c93 
Number of updated asset objects reloaded before import = 0Number of asset objects unloaded after import = 1

========================================================================
Received Import Request.
  Time since last request: 138.130256 seconds.
  path: Assets/New Terrain 1.asset
  importAddress: Guid(b30bedfe7f20e4c27860f2b393f4c77f) Importer(815301076,1909f56bfc062723c751e8b465ee728b)
Start importing Assets/New Terrain 1.asset using Guid(b30bedfe7f20e4c27860f2b393f4c77f) Importer(815301076,1909f56bfc062723c751e8b465ee728b) (PreviewImporter) -> (Import Result ID: 'a7f7fcbe2f0c88f37d5fd92c6cb81178') in 0.041462417 seconds [static and dynamic dependencies]. Details - ImportResultOutputID=767a87a4afad8cd7d6023b221fe2c946 DependenciesID=9dc5040f1eab1728e36d917e34f6bc8a StaticDependenciesID=e294acfd4f4d14e9428a91450e2b73a2 
Number of updated asset objects reloaded before import = 0Number of asset objects unloaded after import = 1

========================================================================
Received Import Request.
  Time since last request: 10.011891 seconds.
  path: Assets/Idyllic Fantasy Nature/Models/Plants
  importAddress: Guid(aa6f063a45c396842ba4baf44a3c1615) Importer(815301076,1909f56bfc062723c751e8b465ee728b)
Start importing Assets/Idyllic Fantasy Nature/Models/Plants using Guid(aa6f063a45c396842ba4baf44a3c1615) Importer(815301076,1909f56bfc062723c751e8b465ee728b) (PreviewImporter) -> (Import Result ID: '8d6139dc653a6fc874a37f5d9913de23') in 0.000799583 seconds [static and dynamic dependencies]. Details - ImportResultOutputID=99733843438a0ded0e480011fa1bf0a9 DependenciesID=752ca2f4ab3258e0342386ea2207dfc7 StaticDependenciesID=1c9cde69f62a61c2940dfeeb4d33c22a 
Number of updated asset objects reloaded before import = 0Number of asset objects unloaded after import = 0

========================================================================
Received Import Request.
  Time since last request: 0.108232 seconds.
  path: Assets/Idyllic Fantasy Nature/Models/Plants/Plant_01.fbx
  importAddress: Guid(d5023887afcd78943b51d84ad51377e5) Importer(815301076,1909f56bfc062723c751e8b465ee728b)
Start importing Assets/Idyllic Fantasy Nature/Models/Plants/Plant_01.fbx using Guid(d5023887afcd78943b51d84ad51377e5) Importer(815301076,1909f56bfc062723c751e8b465ee728b) (PreviewImporter) -> (Import Result ID: '8a9ccebed7b165c0a111dae3c6ac96e7') in 0.378553416 seconds [static and dynamic dependencies]. Details - ImportResultOutputID=df3239a7d75fff3fac151b1b12546f55 DependenciesID=c65fa296c1554e44648ed858fd5249ed StaticDependenciesID=79aaed353b97840b3a93a7b3aa8c7c64 
Number of updated asset objects reloaded before import = 0Number of asset objects unloaded after import = 8

========================================================================
Received Import Request.
  Time since last request: 5.442355 seconds.
  path: Assets/Idyllic Fantasy Nature/Models/Bushes
  importAddress: Guid(95019e84463532441bc56c34fe070d75) Importer(815301076,1909f56bfc062723c751e8b465ee728b)
Start importing Assets/Idyllic Fantasy Nature/Models/Bushes using Guid(95019e84463532441bc56c34fe070d75) Importer(815301076,1909f56bfc062723c751e8b465ee728b) (PreviewImporter) -> (Import Result ID: '69a9833fa255709eb50f73a587383640') in 0.002352708 seconds [static and dynamic dependencies]. Details - ImportResultOutputID=b36152dbdce7f1c818e22e50059dd3f8 DependenciesID=b3d522904aa5442dff13732c56c287f1 StaticDependenciesID=0c7328a2e24c4b33d8ec409dc95dd49d 
Number of updated asset objects reloaded before import = 0Number of asset objects unloaded after import = 0

========================================================================
Received Import Request.
  Time since last request: 0.079092 seconds.
  path: Assets/Idyllic Fantasy Nature/Models/Bushes/Bush_01_01.fbx
  importAddress: Guid(7c3b71277926a204caf840f1bf87f424) Importer(815301076,1909f56bfc062723c751e8b465ee728b)
Start importing Assets/Idyllic Fantasy Nature/Models/Bushes/Bush_01_01.fbx using Guid(7c3b71277926a204caf840f1bf87f424) Importer(815301076,1909f56bfc062723c751e8b465ee728b) (PreviewImporter) -> (Import Result ID: '329583c2c81d67ce6dae6090257344e0') in 0.050794292 seconds [static and dynamic dependencies]. Details - ImportResultOutputID=f6472a6d7c0d449195e39f5d1188ce9b DependenciesID=f27167a4c1484e94b9bcdab9a0667c92 StaticDependenciesID=0523e5a674852eed6dbf6e71bc5f5c45 
Number of updated asset objects reloaded before import = 0Number of asset objects unloaded after import = 20

========================================================================
Received Import Request.
  Time since last request: 0.000068 seconds.
  path: Assets/Idyllic Fantasy Nature/Models/Bushes/Bush_03_02.fbx
  importAddress: Guid(df11631f26fb8524cb4f614b46f35029) Importer(815301076,1909f56bfc062723c751e8b465ee728b)
Start importing Assets/Idyllic Fantasy Nature/Models/Bushes/Bush_03_02.fbx using Guid(df11631f26fb8524cb4f614b46f35029) Importer(815301076,1909f56bfc062723c751e8b465ee728b) (PreviewImporter) -> (Import Result ID: 'c2731983e16edb3ed136dce4c19bb2b4') in 0.038996917 seconds [static and dynamic dependencies]. Details - ImportResultOutputID=49a0c259070e65db43dc7a7fd8d25d8f DependenciesID=f5ef8e6e53448ea86386e85fbc47f31d StaticDependenciesID=4d1d50c5813ab579acf51114cb454342 
Number of updated asset objects reloaded before import = 0Number of asset objects unloaded after import = 20

========================================================================
Received Import Request.
  Time since last request: 0.000048 seconds.
  path: Assets/Idyllic Fantasy Nature/Models/Bushes/Bush_03_01.fbx
  importAddress: Guid(085005363208d7249b71c4927d6bc8eb) Importer(815301076,1909f56bfc062723c751e8b465ee728b)
Start importing Assets/Idyllic Fantasy Nature/Models/Bushes/Bush_03_01.fbx using Guid(085005363208d7249b71c4927d6bc8eb) Importer(815301076,1909f56bfc062723c751e8b465ee728b) (PreviewImporter) -> (Import Result ID: 'd756caa1ee6395fe7517d0ea7b336849') in 0.021889417 seconds [static and dynamic dependencies]. Details - ImportResultOutputID=cf56b431df680b70f44d65d350e520d8 DependenciesID=5da85f480b0dc6f9ca520e6f556dfcb6 StaticDependenciesID=5db6ec056a6a91b42500810f9c36414b 
Number of updated asset objects reloaded before import = 0Number of asset objects unloaded after import = 20

========================================================================
Received Import Request.
  Time since last request: 11.127353 seconds.
  path: Assets/Idyllic Fantasy Nature/Textures/Grass/Grass_01.png
  importAddress: Guid(1fc3f8be4baf4ac48b10d918759e45a2) Importer(815301076,1909f56bfc062723c751e8b465ee728b)
Start importing Assets/Idyllic Fantasy Nature/Textures/Grass/Grass_01.png using Guid(1fc3f8be4baf4ac48b10d918759e45a2) Importer(815301076,1909f56bfc062723c751e8b465ee728b) (PreviewImporter) -> (Import Result ID: '8771b0a13d51a7d9285f0c6b24941fb1') in 0.030001167 seconds [static and dynamic dependencies]. Details - ImportResultOutputID=e7140bfe4302345cc55d1371acbf8429 DependenciesID=9bd1bfac50bfc27a98634e3df14206fd StaticDependenciesID=b71ad903561b9541e7d9dcc709d23442 
Number of updated asset objects reloaded before import = 0Number of asset objects unloaded after import = 2

========================================================================
Received Import Request.
  Time since last request: 15.579219 seconds.
  path: Assets/MicroVerse-Extras/Terrain Textures/Content/Prefabs/Texture/Asphalt 01.prefab
  importAddress: Guid(795edbdb07774ed45a56ddf8853f9b3c) Importer(815301076,1909f56bfc062723c751e8b465ee728b)
Start importing Assets/MicroVerse-Extras/Terrain Textures/Content/Prefabs/Texture/Asphalt 01.prefab using Guid(795edbdb07774ed45a56ddf8853f9b3c) Importer(815301076,1909f56bfc062723c751e8b465ee728b) (PreviewImporter) -> (Import Result ID: '47653efda18df78ceb5a8b53703f4352') in 0.003004375 seconds [static and dynamic dependencies]. Details - ImportResultOutputID=e7ac752d881a35799860c51e4f099e73 DependenciesID=33f51c151f2eb59451fda41a033e1c4d StaticDependenciesID=72f1a27753c9c740c13d13be118d02ef 
Number of updated asset objects reloaded before import = 0Number of asset objects unloaded after import = 5

========================================================================
Received Import Request.
  Time since last request: 1.483240 seconds.
  path: Assets/Idyllic Fantasy Nature/Prefabs/BlossomTree_04.prefab
  importAddress: Guid(43eebddd43cc8914a93363658ce6cdd6) Importer(815301076,1909f56bfc062723c751e8b465ee728b)
Start importing Assets/Idyllic Fantasy Nature/Prefabs/BlossomTree_04.prefab using Guid(43eebddd43cc8914a93363658ce6cdd6) Importer(815301076,1909f56bfc062723c751e8b465ee728b) (PreviewImporter) -> (Import Result ID: '8df3f8f6911eec718d41dbf0f2baf85c') in 0.002593417 seconds [static and dynamic dependencies]. Details - ImportResultOutputID=971800fbddbe20d07ff680530eab6f1d DependenciesID=035d9b668f8fe4bb84044243c7af2a70 StaticDependenciesID=92a8f352fc115c11a3790f4e97e982dd 
Number of updated asset objects reloaded before import = 0Number of asset objects unloaded after import = 18

========================================================================
Received Import Request.
  Time since last request: 0.046034 seconds.
  path: Assets/Idyllic Fantasy Nature/Prefabs/BlossomTree_05.prefab
  importAddress: Guid(ad56e8c887f41c44eb5f929e3bb131a9) Importer(815301076,1909f56bfc062723c751e8b465ee728b)
Start importing Assets/Idyllic Fantasy Nature/Prefabs/BlossomTree_05.prefab using Guid(ad56e8c887f41c44eb5f929e3bb131a9) Importer(815301076,1909f56bfc062723c751e8b465ee728b) (PreviewImporter) -> (Import Result ID: '1b1a5491620ef0f0988dc4b3a9db1e4f') in 0.001365375 seconds [static and dynamic dependencies]. Details - ImportResultOutputID=8700a06217620a29b6608b578b879e00 DependenciesID=63c679a56d7067b2ab62c3541a73ac51 StaticDependenciesID=1dd56c0a707057171c5aeb4421b0075f 
Number of updated asset objects reloaded before import = 0Number of asset objects unloaded after import = 19

========================================================================
Received Import Request.
  Time since last request: 1.034605 seconds.
  path: Assets/Idyllic Fantasy Nature/Prefabs/BroadleafTree_01_Blue.prefab
  importAddress: Guid(d0a1dd6fb7ae56447972d0371c8b4c65) Importer(815301076,1909f56bfc062723c751e8b465ee728b)
Start importing Assets/Idyllic Fantasy Nature/Prefabs/BroadleafTree_01_Blue.prefab using Guid(d0a1dd6fb7ae56447972d0371c8b4c65) Importer(815301076,1909f56bfc062723c751e8b465ee728b) (PreviewImporter) -> (Import Result ID: '497790caef8d307818f768c675c0b890') in 0.050555333 seconds [static and dynamic dependencies]. Details - ImportResultOutputID=5f1e0ccc61d2487e4200d6ece63a3b92 DependenciesID=c0e36ba015237cfc00c5c4495c9182a9 StaticDependenciesID=7670f9088b1b1e8d2ff323cd2e47e4d9 
Number of updated asset objects reloaded before import = 0Number of asset objects unloaded after import = 40

========================================================================
Received Import Request.
  Time since last request: 0.511050 seconds.
  path: Assets/Idyllic Fantasy Nature/Prefabs/BroadleafTree_01_Red.prefab
  importAddress: Guid(48787cd427c3d3f428ae28e6fef17b12) Importer(815301076,1909f56bfc062723c751e8b465ee728b)
Start importing Assets/Idyllic Fantasy Nature/Prefabs/BroadleafTree_01_Red.prefab using Guid(48787cd427c3d3f428ae28e6fef17b12) Importer(815301076,1909f56bfc062723c751e8b465ee728b) (PreviewImporter) -> (Import Result ID: '0e0d5316580fdafff6efe879ec5ccde5') in 0.013429958 seconds [static and dynamic dependencies]. Details - ImportResultOutputID=6f7a3f5efa55376d4374c3365c74e241 DependenciesID=a3a604a1b11117c49bc720d528b86954 StaticDependenciesID=07049a4d5ffc805d4d92e9abb1317fb7 
Number of updated asset objects reloaded before import = 0Number of asset objects unloaded after import = 40

========================================================================
Received Import Request.
  Time since last request: 0.422663 seconds.
  path: Assets/Idyllic Fantasy Nature/Prefabs/BroadleafTree_02_Blue.prefab
  importAddress: Guid(daacdf33cc937a04eaa0fb5ac03f8aea) Importer(815301076,1909f56bfc062723c751e8b465ee728b)
Start importing Assets/Idyllic Fantasy Nature/Prefabs/BroadleafTree_02_Blue.prefab using Guid(daacdf33cc937a04eaa0fb5ac03f8aea) Importer(815301076,1909f56bfc062723c751e8b465ee728b) (PreviewImporter) -> (Import Result ID: 'b05a3ed8d56cd5c5d4be8677877eff67') in 0.014523 seconds [static and dynamic dependencies]. Details - ImportResultOutputID=f1e47a81cfb2a52165860bfb1853b952 DependenciesID=b5cfaf32eed565fb24d11212cd07d418 StaticDependenciesID=81e6e0d0ab01a2a3ef2fd8039ac3479e 
Number of updated asset objects reloaded before import = 0Number of asset objects unloaded after import = 42

========================================================================
Received Import Request.
  Time since last request: 0.274339 seconds.
  path: Assets/Idyllic Fantasy Nature/Prefabs/BroadleafTree_02_Green.prefab
  importAddress: Guid(5d6ff116fb5dd6343a053c078b5cdc2b) Importer(815301076,1909f56bfc062723c751e8b465ee728b)
Start importing Assets/Idyllic Fantasy Nature/Prefabs/BroadleafTree_02_Green.prefab using Guid(5d6ff116fb5dd6343a053c078b5cdc2b) Importer(815301076,1909f56bfc062723c751e8b465ee728b) (PreviewImporter) -> (Import Result ID: 'f69278b61c36b43d05926169be851559') in 0.013284792 seconds [static and dynamic dependencies]. Details - ImportResultOutputID=ad8ba44f737d3f72ea21ace2b4ba82b7 DependenciesID=db1eeab0d2bfaf6a365fe1cb0dc3e6b7 StaticDependenciesID=1e01e6648da3b93c467953f33a3f8125 
Number of updated asset objects reloaded before import = 0Number of asset objects unloaded after import = 42

========================================================================
Received Import Request.
  Time since last request: 0.118629 seconds.
  path: Assets/Idyllic Fantasy Nature/Prefabs/BroadleafTree_02_Red.prefab
  importAddress: Guid(aec7bcbf20e5d5f4fa566cabacc811c9) Importer(815301076,1909f56bfc062723c751e8b465ee728b)
Start importing Assets/Idyllic Fantasy Nature/Prefabs/BroadleafTree_02_Red.prefab using Guid(aec7bcbf20e5d5f4fa566cabacc811c9) Importer(815301076,1909f56bfc062723c751e8b465ee728b) (PreviewImporter) -> (Import Result ID: '64cfd68e1cefead069228019b014bf95') in 0.014133583 seconds [static and dynamic dependencies]. Details - ImportResultOutputID=52c51047973721637694028f71b9c894 DependenciesID=6e98145414fc0d9f0bae1fd68777b610 StaticDependenciesID=ce6e2d038e5cb0be3e8ee8cf99af155a 
Number of updated asset objects reloaded before import = 0Number of asset objects unloaded after import = 42

========================================================================
Received Import Request.
  Time since last request: 0.223054 seconds.
  path: Assets/Idyllic Fantasy Nature/Prefabs/BroadleafTree_03_Blue.prefab
  importAddress: Guid(f5675ed7b23079045bce7dae043e5342) Importer(815301076,1909f56bfc062723c751e8b465ee728b)
Start importing Assets/Idyllic Fantasy Nature/Prefabs/BroadleafTree_03_Blue.prefab using Guid(f5675ed7b23079045bce7dae043e5342) Importer(815301076,1909f56bfc062723c751e8b465ee728b) (PreviewImporter) -> (Import Result ID: '62b1c0e655be261f2e2bc0310d7c8180') in 0.014870792 seconds [static and dynamic dependencies]. Details - ImportResultOutputID=09aa586f0338780dfe4061342e287a68 DependenciesID=b305eec0124db459f793635c5610979a StaticDependenciesID=895b210a305390500c0ba65325d08980 
Number of updated asset objects reloaded before import = 0Number of asset objects unloaded after import = 41

========================================================================
Received Import Request.
  Time since last request: 0.040539 seconds.
  path: Assets/Idyllic Fantasy Nature/Prefabs/BroadleafTree_04_Blue.prefab
  importAddress: Guid(ba23bb4142b5b844792f52daabceee09) Importer(815301076,1909f56bfc062723c751e8b465ee728b)
Start importing Assets/Idyllic Fantasy Nature/Prefabs/BroadleafTree_04_Blue.prefab using Guid(ba23bb4142b5b844792f52daabceee09) Importer(815301076,1909f56bfc062723c751e8b465ee728b) (PreviewImporter) -> (Import Result ID: '162da879a31a2609a3b134bf3b86234c') in 0.001520875 seconds [static and dynamic dependencies]. Details - ImportResultOutputID=10fef3f16ebf00baa8fb7af3f0693d39 DependenciesID=84c00d81a1b4aeaa8b946a1851e52ee5 StaticDependenciesID=e1fa1ce25d319dd3d1ed3d62ef42ce15 
Number of updated asset objects reloaded before import = 0Number of asset objects unloaded after import = 18

========================================================================
Received Import Request.
  Time since last request: 0.238735 seconds.
  path: Assets/Idyllic Fantasy Nature/Prefabs/BroadleafTree_04_Purple.prefab
  importAddress: Guid(75a51e024c22f924e90e5661e918a149) Importer(815301076,1909f56bfc062723c751e8b465ee728b)
Start importing Assets/Idyllic Fantasy Nature/Prefabs/BroadleafTree_04_Purple.prefab using Guid(75a51e024c22f924e90e5661e918a149) Importer(815301076,1909f56bfc062723c751e8b465ee728b) (PreviewImporter) -> (Import Result ID: '34b07cd6a3f86cad348133692e7f346c') in 0.001768625 seconds [static and dynamic dependencies]. Details - ImportResultOutputID=ea4f6e69753a373114826735dd02b41a DependenciesID=50f248bdbf0ca0b454a72b178192974e StaticDependenciesID=32f1e6e9320542d1286f910e905cb983 
Number of updated asset objects reloaded before import = 0Number of asset objects unloaded after import = 18

========================================================================
Received Import Request.
  Time since last request: 0.000068 seconds.
  path: Assets/Idyllic Fantasy Nature/Prefabs/BroadleafTree_05_Purple.prefab
  importAddress: Guid(f0b04dd70814f7e41bcf0c316951b288) Importer(815301076,1909f56bfc062723c751e8b465ee728b)
Start importing Assets/Idyllic Fantasy Nature/Prefabs/BroadleafTree_05_Purple.prefab using Guid(f0b04dd70814f7e41bcf0c316951b288) Importer(815301076,1909f56bfc062723c751e8b465ee728b) (PreviewImporter) -> (Import Result ID: '7f9b4e2008760d0d0f70e978ef2625e9') in 0.001988209 seconds [static and dynamic dependencies]. Details - ImportResultOutputID=fafed52b4c9e6311fc3fe685aee975c9 DependenciesID=891694eb055a9ea8a224dc826bfa6c88 StaticDependenciesID=6eb2969a3fea9fa137d81242b3f772ca 
Number of updated asset objects reloaded before import = 0Number of asset objects unloaded after import = 19

========================================================================
Received Import Request.
  Time since last request: 0.000038 seconds.
  path: Assets/Idyllic Fantasy Nature/Prefabs/BroadleafTree_05_Blue.prefab
  importAddress: Guid(3f7c615c00f14b5409bd59db984c3359) Importer(815301076,1909f56bfc062723c751e8b465ee728b)
Start importing Assets/Idyllic Fantasy Nature/Prefabs/BroadleafTree_05_Blue.prefab using Guid(3f7c615c00f14b5409bd59db984c3359) Importer(815301076,1909f56bfc062723c751e8b465ee728b) (PreviewImporter) -> (Import Result ID: '82fc95da9177d6f13170fed3481d9f20') in 0.001021375 seconds [static and dynamic dependencies]. Details - ImportResultOutputID=d6b871e8e0ed9598346db449d63b5123 DependenciesID=2415149867893e75682af114f71f9573 StaticDependenciesID=5595a3f2f81f24d70a3428c69199278f 
Number of updated asset objects reloaded before import = 0Number of asset objects unloaded after import = 19

========================================================================
Received Import Request.
  Time since last request: 23.534909 seconds.
  path: Assets/Idyllic Fantasy Nature/Prefabs/Fir_04.prefab
  importAddress: Guid(9ee7cbf1161c07f43b5e74f14c2cd00a) Importer(815301076,1909f56bfc062723c751e8b465ee728b)
Start importing Assets/Idyllic Fantasy Nature/Prefabs/Fir_04.prefab using Guid(9ee7cbf1161c07f43b5e74f14c2cd00a) Importer(815301076,1909f56bfc062723c751e8b465ee728b) (PreviewImporter) -> (Import Result ID: '41b033e51896d6c33bbc1c8ec855b46c') in 0.001739708 seconds [static and dynamic dependencies]. Details - ImportResultOutputID=47de0500035799de9aeb1eb18ac8481e DependenciesID=e01ee754311daf5b11e605bc0b850ad3 StaticDependenciesID=815d7dd345a9c6ce876dc599ab7f165e 
Number of updated asset objects reloaded before import = 0Number of asset objects unloaded after import = 18

========================================================================
Received Import Request.
  Time since last request: 23.701660 seconds.
  path: Assets/Idyllic Fantasy Nature/Prefabs/Fir_01.prefab
  importAddress: Guid(4aa7a928cc83c7d49819fe52f53ec261) Importer(815301076,1909f56bfc062723c751e8b465ee728b)
Start importing Assets/Idyllic Fantasy Nature/Prefabs/Fir_01.prefab using Guid(4aa7a928cc83c7d49819fe52f53ec261) Importer(815301076,1909f56bfc062723c751e8b465ee728b) (PreviewImporter) -> (Import Result ID: 'ad0058030065b59ddb43109381ac14b8') in 0.010189958 seconds [static and dynamic dependencies]. Details - ImportResultOutputID=99b23c9ae1cd136cd611e437d0a03a06 DependenciesID=758b4a756c2c85c40fb3c7b9c7dd03fd StaticDependenciesID=60703ae4b0cb97eb86f3ae05237bbfb5 
Number of updated asset objects reloaded before import = 0Number of asset objects unloaded after import = 18

========================================================================
Received Import Request.
  Time since last request: 0.000133 seconds.
  path: Assets/Idyllic Fantasy Nature/Prefabs/Fir_03.prefab
  importAddress: Guid(a5e5ef299cff96b43a90c8cfe59e376b) Importer(815301076,1909f56bfc062723c751e8b465ee728b)
Start importing Assets/Idyllic Fantasy Nature/Prefabs/Fir_03.prefab using Guid(a5e5ef299cff96b43a90c8cfe59e376b) Importer(815301076,1909f56bfc062723c751e8b465ee728b) (PreviewImporter) -> (Import Result ID: 'f60bdd0258832fd5fc90fb383e3f36dd') in 0.001454458 seconds [static and dynamic dependencies]. Details - ImportResultOutputID=411d6e2756ab906adb1c2977269451df DependenciesID=ca460e5543fac6b534122e52f562db9c StaticDependenciesID=0701d6c155e4d66b5cc1574881d80151 
Number of updated asset objects reloaded before import = 0Number of asset objects unloaded after import = 18

========================================================================
Received Import Request.
  Time since last request: 1396.909634 seconds.
  path: Assets/Idyllic Fantasy Nature/Prefabs/WillowTree_01_Blue.prefab
  importAddress: Guid(107cac4590a2a764daf1cbcf0a7e7daf) Importer(815301076,1909f56bfc062723c751e8b465ee728b)
Start importing Assets/Idyllic Fantasy Nature/Prefabs/WillowTree_01_Blue.prefab using Guid(107cac4590a2a764daf1cbcf0a7e7daf) Importer(815301076,1909f56bfc062723c751e8b465ee728b) (PreviewImporter) -> (Import Result ID: 'f65a653636dfad506702cbe27a64e84a') in 0.025041083 seconds [static and dynamic dependencies]. Details - ImportResultOutputID=e79ca0daccad762399ae5a185363bed9 DependenciesID=2450492e11d65d1f4b4b2017614640b8 StaticDependenciesID=9172271c76e0da019058a09be79c3158 
Number of updated asset objects reloaded before import = 0Number of asset objects unloaded after import = 18

========================================================================
Received Import Request.
  Time since last request: 0.000167 seconds.
  path: Assets/Idyllic Fantasy Nature/Prefabs/WillowTree_01_Purple.prefab
  importAddress: Guid(49de10ac89cc1a646a98e5bac6756d30) Importer(815301076,1909f56bfc062723c751e8b465ee728b)
Start importing Assets/Idyllic Fantasy Nature/Prefabs/WillowTree_01_Purple.prefab using Guid(49de10ac89cc1a646a98e5bac6756d30) Importer(815301076,1909f56bfc062723c751e8b465ee728b) (PreviewImporter) -> (Import Result ID: '7199375c01a2ce0517163b015db66e01') in 0.001470292 seconds [static and dynamic dependencies]. Details - ImportResultOutputID=a939fb66534e13b233b67ae14896ade7 DependenciesID=49038e77139907de26cd823a359e8522 StaticDependenciesID=8f26e3d041956929e496bd93d89142b0 
Number of updated asset objects reloaded before import = 0Number of asset objects unloaded after import = 18

========================================================================
Received Import Request.
  Time since last request: 0.000038 seconds.
  path: Assets/Idyllic Fantasy Nature/Prefabs/WillowTree_04_Red.prefab
  importAddress: Guid(f0bedca3d06434740a10651f21261347) Importer(815301076,1909f56bfc062723c751e8b465ee728b)
Start importing Assets/Idyllic Fantasy Nature/Prefabs/WillowTree_04_Red.prefab using Guid(f0bedca3d06434740a10651f21261347) Importer(815301076,1909f56bfc062723c751e8b465ee728b) (PreviewImporter) -> (Import Result ID: '2da4830ebe58ab5038ecddaa818ab353') in 0.001533417 seconds [static and dynamic dependencies]. Details - ImportResultOutputID=6836b354b937a174a6b7b10b0037f487 DependenciesID=f582c3ba829b0b75ecf193dbf4f429bb StaticDependenciesID=2ee04bd3f58374407dcdf04d2af41097 
Number of updated asset objects reloaded before import = 0Number of asset objects unloaded after import = 18

========================================================================
Received Import Request.
  Time since last request: 0.000075 seconds.
  path: Assets/Idyllic Fantasy Nature/Prefabs/WillowTree_03_Red.prefab
  importAddress: Guid(a3f0c91d12f1fd643adf945e86c9f01d) Importer(815301076,1909f56bfc062723c751e8b465ee728b)
Start importing Assets/Idyllic Fantasy Nature/Prefabs/WillowTree_03_Red.prefab using Guid(a3f0c91d12f1fd643adf945e86c9f01d) Importer(815301076,1909f56bfc062723c751e8b465ee728b) (PreviewImporter) -> (Import Result ID: 'f0831203cf2bd88ba987e02350e3bf82') in 0.001832958 seconds [static and dynamic dependencies]. Details - ImportResultOutputID=b1572ea4b944c20f64d4fca7da7029b5 DependenciesID=086d6c3e6757aa898d8c715e4e3a13ac StaticDependenciesID=d34a3995c3bbb63ac3a9a21c21758919 
Number of updated asset objects reloaded before import = 0Number of asset objects unloaded after import = 19

========================================================================
Received Import Request.
  Time since last request: 0.000056 seconds.
  path: Assets/Idyllic Fantasy Nature/Prefabs/WillowTree_05_Red.prefab
  importAddress: Guid(eed9e9df9f832574585ca051fbbbf943) Importer(815301076,1909f56bfc062723c751e8b465ee728b)
Start importing Assets/Idyllic Fantasy Nature/Prefabs/WillowTree_05_Red.prefab using Guid(eed9e9df9f832574585ca051fbbbf943) Importer(815301076,1909f56bfc062723c751e8b465ee728b) (PreviewImporter) -> (Import Result ID: '888e1727ef7661fa441df3ffffb488f3') in 0.001543833 seconds [static and dynamic dependencies]. Details - ImportResultOutputID=975cbbc3fac02b69f0725aeff88dd75e DependenciesID=d7802f380d6f4ca31ddd653b0341f9fb StaticDependenciesID=92c335dca5c714462cbb3ce7d3916b67 
Number of updated asset objects reloaded before import = 0Number of asset objects unloaded after import = 19

========================================================================
Received Import Request.
  Time since last request: 0.000050 seconds.
  path: Assets/Idyllic Fantasy Nature/Prefabs/WillowTree_01_Red.prefab
  importAddress: Guid(f5a27b2261923ad458aeaede85c57938) Importer(815301076,1909f56bfc062723c751e8b465ee728b)
Start importing Assets/Idyllic Fantasy Nature/Prefabs/WillowTree_01_Red.prefab using Guid(f5a27b2261923ad458aeaede85c57938) Importer(815301076,1909f56bfc062723c751e8b465ee728b) (PreviewImporter) -> (Import Result ID: 'c963d4412237f8e2f246bd1f0f2328a9') in 0.001658333 seconds [static and dynamic dependencies]. Details - ImportResultOutputID=801630ae9ff974375b68de88c5b0677f DependenciesID=9ec2cead80905c9501947230a1ad07a9 StaticDependenciesID=fd1a2467840dd7d99b44e59e3bd02fbb 
Number of updated asset objects reloaded before import = 0Number of asset objects unloaded after import = 18

========================================================================
Received Import Request.
  Time since last request: 0.000059 seconds.
  path: Assets/Idyllic Fantasy Nature/Prefabs/WillowTree_02_Blue.prefab
  importAddress: Guid(224f3113283caa142ae6fbc87244e926) Importer(815301076,1909f56bfc062723c751e8b465ee728b)
Start importing Assets/Idyllic Fantasy Nature/Prefabs/WillowTree_02_Blue.prefab using Guid(224f3113283caa142ae6fbc87244e926) Importer(815301076,1909f56bfc062723c751e8b465ee728b) (PreviewImporter) -> (Import Result ID: 'a1cc8e93abdf3e9ee25671f546590a55') in 0.0012075 seconds [static and dynamic dependencies]. Details - ImportResultOutputID=4517e9cd8e7c7738028324e8858eb72c DependenciesID=969427fafb498b0d97958364f899cc7f StaticDependenciesID=65e31c1f9f8bd4210cdf5773e7f947a4 
Number of updated asset objects reloaded before import = 0Number of asset objects unloaded after import = 20

========================================================================
Received Import Request.
  Time since last request: 0.000045 seconds.
  path: Assets/Idyllic Fantasy Nature/Prefabs/WillowTree_04_Blue.prefab
  importAddress: Guid(e2d8988947b88714f9943f13ba26381f) Importer(815301076,1909f56bfc062723c751e8b465ee728b)
Start importing Assets/Idyllic Fantasy Nature/Prefabs/WillowTree_04_Blue.prefab using Guid(e2d8988947b88714f9943f13ba26381f) Importer(815301076,1909f56bfc062723c751e8b465ee728b) (PreviewImporter) -> (Import Result ID: '4b323291f22c953090bf60ba2d12c1ff') in 0.0015025 seconds [static and dynamic dependencies]. Details - ImportResultOutputID=47b2663a6290cef79ea0b68b2e77d3e1 DependenciesID=8016b4ec2abd567e40fd52839a224db4 StaticDependenciesID=846aff4f798df4fc20959c6aea0700cd 
Number of updated asset objects reloaded before import = 0Number of asset objects unloaded after import = 18

========================================================================
Received Import Request.
  Time since last request: 0.000049 seconds.
  path: Assets/Idyllic Fantasy Nature/Prefabs/WillowTree_02_Green.prefab
  importAddress: Guid(cf4ab81a9ba01734fa5a7945c05d0c7d) Importer(815301076,1909f56bfc062723c751e8b465ee728b)
Start importing Assets/Idyllic Fantasy Nature/Prefabs/WillowTree_02_Green.prefab using Guid(cf4ab81a9ba01734fa5a7945c05d0c7d) Importer(815301076,1909f56bfc062723c751e8b465ee728b) (PreviewImporter) -> (Import Result ID: '58272e6f162890610501994bda356792') in 0.001227916 seconds [static and dynamic dependencies]. Details - ImportResultOutputID=12b2205b9979373d9816450c8b97988b DependenciesID=901ae7acc84154031f6cad0edc29b31c StaticDependenciesID=720448a25eeec96ad2692b2634c63eaf 
Number of updated asset objects reloaded before import = 0Number of asset objects unloaded after import = 20

========================================================================
Received Import Request.
  Time since last request: 0.000041 seconds.
  path: Assets/Idyllic Fantasy Nature/Prefabs/WillowTree_01_Pink.prefab
  importAddress: Guid(dab3bc037fb53eb4ea7c9b590b353133) Importer(815301076,1909f56bfc062723c751e8b465ee728b)
Start importing Assets/Idyllic Fantasy Nature/Prefabs/WillowTree_01_Pink.prefab using Guid(dab3bc037fb53eb4ea7c9b590b353133) Importer(815301076,1909f56bfc062723c751e8b465ee728b) (PreviewImporter) -> (Import Result ID: '0235d97d3308c13e028ac6e55ef1273c') in 0.001393417 seconds [static and dynamic dependencies]. Details - ImportResultOutputID=5a316b58d7609e1b3efc78fdfd3cfe67 DependenciesID=5da8c7ba7081f4684c534a3885339667 StaticDependenciesID=0f7069d0f32a51a134aa4a17fd788013 
Number of updated asset objects reloaded before import = 0Number of asset objects unloaded after import = 18

========================================================================
Received Import Request.
  Time since last request: 0.000040 seconds.
  path: Assets/Idyllic Fantasy Nature/Prefabs/WillowTree_03_Blue.prefab
  importAddress: Guid(a48c0d1d9c522c642b477916fa0dfbec) Importer(815301076,1909f56bfc062723c751e8b465ee728b)
Start importing Assets/Idyllic Fantasy Nature/Prefabs/WillowTree_03_Blue.prefab using Guid(a48c0d1d9c522c642b477916fa0dfbec) Importer(815301076,1909f56bfc062723c751e8b465ee728b) (PreviewImporter) -> (Import Result ID: 'eddb964af140c5858dae87dcb83ebf66') in 0.001193875 seconds [static and dynamic dependencies]. Details - ImportResultOutputID=f80ea8b621ec8d910137905c53b44510 DependenciesID=299d3b3cf8db0b7406fd22e1bab14faf StaticDependenciesID=775bd3d5ab4ae7cea5830be59133d1bd 
Number of updated asset objects reloaded before import = 0Number of asset objects unloaded after import = 19

========================================================================
Received Import Request.
  Time since last request: 0.000044 seconds.
  path: Assets/Idyllic Fantasy Nature/Prefabs/WillowTree_05_Green.prefab
  importAddress: Guid(9c5318dfdb18aab478b17a15b991ff20) Importer(815301076,1909f56bfc062723c751e8b465ee728b)
Start importing Assets/Idyllic Fantasy Nature/Prefabs/WillowTree_05_Green.prefab using Guid(9c5318dfdb18aab478b17a15b991ff20) Importer(815301076,1909f56bfc062723c751e8b465ee728b) (PreviewImporter) -> (Import Result ID: 'e577b81d3ba93feb798b9656d4616eb5') in 0.001257459 seconds [static and dynamic dependencies]. Details - ImportResultOutputID=7c71000ead31fc745326b7ed10a82a03 DependenciesID=ecf8bd3c768a17b79fdd2fe6c3bfd934 StaticDependenciesID=86e0f6e91b1e806add4b2639056eda47 
Number of updated asset objects reloaded before import = 0Number of asset objects unloaded after import = 19

========================================================================
Received Import Request.
  Time since last request: 0.000033 seconds.
  path: Assets/Idyllic Fantasy Nature/Prefabs/WillowTree_02_Purple.prefab
  importAddress: Guid(b991c5ba02fa6f248873030f2063cf3d) Importer(815301076,1909f56bfc062723c751e8b465ee728b)
Start importing Assets/Idyllic Fantasy Nature/Prefabs/WillowTree_02_Purple.prefab using Guid(b991c5ba02fa6f248873030f2063cf3d) Importer(815301076,1909f56bfc062723c751e8b465ee728b) (PreviewImporter) -> (Import Result ID: '6f1ad5c7eefdc985cc9bf838862e7187') in 0.00140325 seconds [static and dynamic dependencies]. Details - ImportResultOutputID=ff93fe797abd6c36c44eeff88fb022b5 DependenciesID=ca9cfc089cb1bba54b42ab26535da16d StaticDependenciesID=2448c3c1c41a9904516b61a892a095f6 
Number of updated asset objects reloaded before import = 0Number of asset objects unloaded after import = 20

========================================================================
Received Import Request.
  Time since last request: 30.221174 seconds.
  path: Assets/New Terrain 1.asset
  importAddress: Guid(b30bedfe7f20e4c27860f2b393f4c77f) Importer(2089858483,b0f066a214c2f5e87bad3c948f4d605d)
Start importing Assets/New Terrain 1.asset using Guid(b30bedfe7f20e4c27860f2b393f4c77f) Importer(2089858483,b0f066a214c2f5e87bad3c948f4d605d) (ScriptedImporter) -> (Import Result ID: '979f3642ddbe0e6202849971191a8d2a') in 0.067434166 seconds [static and dynamic dependencies]. Details - ImportResultOutputID=2cb2151b8d22ee0d8fb69fca96999a47 DependenciesID=56a7371f9cd4cc5d70a5bf3c224270ff StaticDependenciesID=aaec53c2ead1c735225f84ae24b8d768 
Number of updated asset objects reloaded before import = 0Number of asset objects unloaded after import = 100

========================================================================
Received Import Request.
  Time since last request: 2640.932614 seconds.
  path: Assets/Models/Lab.fbx
  importAddress: Guid(0c9183db6490d4a97b3dceecd54b53dc) Importer(2089858483,b0f066a214c2f5e87bad3c948f4d605d)
Start importing Assets/Models/Lab.fbx using Guid(0c9183db6490d4a97b3dceecd54b53dc) Importer(2089858483,b0f066a214c2f5e87bad3c948f4d605d) (ScriptedImporter) -> (Import Result ID: '72cf399c8f744f39da795b88ff4c6d48') in 1.168116708 seconds [static and dynamic dependencies]. Details - ImportResultOutputID=3d3df44fbc196d68f709245d7a9170e3 DependenciesID=5767ca4e17344622942e8a4115978383 StaticDependenciesID=b66be3c3742a3305e744b2c6e5703269 
Number of updated asset objects reloaded before import = 0Number of asset objects unloaded after import = 3551

========================================================================
Received Prepare
Begin MonoManager ReloadAssembly
[Licensing::Client] Successfully resolved entitlement details
Thread 0x1781f7000 may have been prematurely finalized
Assembly Assembly-CSharp-Editor-firstpass.dll at Library/ScriptAssemblies/Assembly-CSharp-Editor-firstpass.dll not valid. Loading of assembly skipped.
Assembly Assembly-CSharp-firstpass.dll at Library/ScriptAssemblies/Assembly-CSharp-firstpass.dll not valid. Loading of assembly skipped.
Assembly DocCodeExamples.dll at Library/ScriptAssemblies/DocCodeExamples.dll not valid. Loading of assembly skipped.
Assembly TestNewCustomAssembly.dll at Library/ScriptAssemblies/TestNewCustomAssembly.dll not valid. Loading of assembly skipped.
Assembly Unity.Collections.BurstCompatibilityGen.dll at Library/ScriptAssemblies/Unity.Collections.BurstCompatibilityGen.dll not valid. Loading of assembly skipped.
Assembly Unity.Collections.DocCodeSamples.dll at Library/ScriptAssemblies/Unity.Collections.DocCodeSamples.dll not valid. Loading of assembly skipped.
Assembly Unity.Collections.PerformanceTests.dll at Library/ScriptAssemblies/Unity.Collections.PerformanceTests.dll not valid. Loading of assembly skipped.
Assembly Unity.Collections.Tests.dll at Library/ScriptAssemblies/Unity.Collections.Tests.dll not valid. Loading of assembly skipped.
Assembly Unity.Collections.Tests.Playmode.dll at Library/ScriptAssemblies/Unity.Collections.Tests.Playmode.dll not valid. Loading of assembly skipped.
Assembly Unity.InputSystem.IntegrationTests.dll at Library/ScriptAssemblies/Unity.InputSystem.IntegrationTests.dll not valid. Loading of assembly skipped.
Assembly Unity.Mathematics.Tests.dll at Library/ScriptAssemblies/Unity.Mathematics.Tests.dll not valid. Loading of assembly skipped.
Assembly Unity.Multiplayer.Center.Editor.Tests.dll at Library/ScriptAssemblies/Unity.Multiplayer.Center.Editor.Tests.dll not valid. Loading of assembly skipped.
Assembly Unity.Multiplayer.Center.Tests.dll at Library/ScriptAssemblies/Unity.Multiplayer.Center.Tests.dll not valid. Loading of assembly skipped.
Assembly Unity.Nuget.Mono-Cecil.dll at Library/ScriptAssemblies/Unity.Nuget.Mono-Cecil.dll not valid. Loading of assembly skipped.
Assembly Unity.PathTracing.Editor.Tests.dll at Library/ScriptAssemblies/Unity.PathTracing.Editor.Tests.dll not valid. Loading of assembly skipped.
Assembly Unity.PathTracing.Runtime.Tests.dll at Library/ScriptAssemblies/Unity.PathTracing.Runtime.Tests.dll not valid. Loading of assembly skipped.
Assembly Unity.RenderPipelines.Core.Editor.Tests.dll at Library/ScriptAssemblies/Unity.RenderPipelines.Core.Editor.Tests.dll not valid. Loading of assembly skipped.
Assembly Unity.RenderPipelines.Core.Runtime.Tests.dll at Library/ScriptAssemblies/Unity.RenderPipelines.Core.Runtime.Tests.dll not valid. Loading of assembly skipped.
Assembly Unity.RenderPipelines.Universal.Config.Editor.Tests.dll at Library/ScriptAssemblies/Unity.RenderPipelines.Universal.Config.Editor.Tests.dll not valid. Loading of assembly skipped.
Assembly Unity.RenderPipelines.Universal.Editor.Tests.dll at Library/ScriptAssemblies/Unity.RenderPipelines.Universal.Editor.Tests.dll not valid. Loading of assembly skipped.
Assembly Unity.RenderPipelines.Universal.Runtime.Tests.dll at Library/ScriptAssemblies/Unity.RenderPipelines.Universal.Runtime.Tests.dll not valid. Loading of assembly skipped.
Assembly Unity.Searcher.EditorTests.dll at Library/ScriptAssemblies/Unity.Searcher.EditorTests.dll not valid. Loading of assembly skipped.
Assembly Unity.Settings.Tests.dll at Library/ScriptAssemblies/Unity.Settings.Tests.dll not valid. Loading of assembly skipped.
Assembly Unity.ShaderGraph.Editor.Tests.dll at Library/ScriptAssemblies/Unity.ShaderGraph.Editor.Tests.dll not valid. Loading of assembly skipped.
Assembly Unity.TextMeshPro.Editor.Tests.dll at Library/ScriptAssemblies/Unity.TextMeshPro.Editor.Tests.dll not valid. Loading of assembly skipped.
Assembly Unity.TextMeshPro.Tests.dll at Library/ScriptAssemblies/Unity.TextMeshPro.Tests.dll not valid. Loading of assembly skipped.
Assembly Unity.UnifiedRayTracing.Editor.Tests.dll at Library/ScriptAssemblies/Unity.UnifiedRayTracing.Editor.Tests.dll not valid. Loading of assembly skipped.
Assembly UnityEditor.UI.Common.Tests.dll at Library/ScriptAssemblies/UnityEditor.UI.Common.Tests.dll not valid. Loading of assembly skipped.
Assembly UnityEditor.UI.EditorTests.dll at Library/ScriptAssemblies/UnityEditor.UI.EditorTests.dll not valid. Loading of assembly skipped.
Assembly UnityEngine.UI.Tests.dll at Library/ScriptAssemblies/UnityEngine.UI.Tests.dll not valid. Loading of assembly skipped.
Refreshing native plugins compatible for Editor in 3.75 ms, found 2 plugins.
Native extension for OSXStandalone target not found
Native extension for WebGL target not found
[Package Manager] Failed to launch server process. Reason: Unity was launched with the -noUpm command-line argument
[Package Manager] Unable to send message (not connected to server process).
[Package Manager] Cannot connect to Unity Package Manager local server
[Package Manager] Failed to launch server process. Reason: Unity was launched with the -noUpm command-line argument
[Package Manager] Unable to send message (not connected to server process).
[Package Manager] Cannot connect to Unity Package Manager local server
ScheduleIndexationOnStartup MainProcess:False IndexOnStartup:True
Mono: successfully reloaded assembly
- Finished resetting the current domain, in  1.046 seconds
Domain Reload Profiling: 3174ms
	BeginReloadAssembly (1001ms)
		DisableScriptedObjects (106ms)
		ReleaseScriptingObjects (3ms)
		CreateAndSetChildDomain (236ms)
	RebuildCommonClasses (52ms)
	RebuildNativeTypeToScriptingClass (19ms)
	initialDomainReloadingComplete (154ms)
	LoadAllAssembliesAndSetupDomain (900ms)
		LoadAssemblies (954ms)
		AnalyzeDomain (341ms)
			TypeCache.Refresh (75ms)
			BuildScriptInfoCaches (239ms)
			ResolveRequiredComponents (17ms)
	FinalizeReload (1048ms)
		SetupLoadedEditorAssemblies (0ms)
			InitializePlatformSupportModulesInManaged (15ms)
			BeforeProcessingInitializeOnLoad (151ms)
			ProcessInitializeOnLoadAttributes (409ms)
			ProcessInitializeOnLoadMethodAttributes (61ms)
		AwakeInstancesAfterBackupRestoration (14ms)
WARNING: Shader Unsupported: 'Universal Render Pipeline/VR/SpatialMapping/Wireframe' - All subshaders removed
WARNING: Shader Did you use #pragma only_renderers and omit this platform?
WARNING: Shader If subshaders removal was intentional, you may have forgotten turning Fallback off?
Shader Hidden/ChartRasterizerHardware is not supported: GPU does not support conservative rasterization
Unloading 26 Unused Serialized files (Serialized files now loaded: 0)
Unloading 6683 unused Assets / (3.3 MB). Loaded Objects now: 7582.
Memory consumption went from 179.2 MB to 176.0 MB.
Total: 23.348042 ms (FindLiveObjects: 7.062583 ms CreateObjectMapping: 1.140167 ms MarkObjects: 10.966458 ms  DeleteObjects: 4.178042 ms)

Prepare: number of updated asset objects reloaded= 0
========================================================================
Received Import Request.
  Time since last request: 3065.890573 seconds.
  path: Assets/Scripts/Park/CentralPocketParkAssetPlacer.cs
  importAddress: Guid(01e3ab88bba2f45dabb2e3392fbf7ad3) Importer(2089858483,b0f066a214c2f5e87bad3c948f4d605d)
Start importing Assets/Scripts/Park/CentralPocketParkAssetPlacer.cs using Guid(01e3ab88bba2f45dabb2e3392fbf7ad3) Importer(2089858483,b0f066a214c2f5e87bad3c948f4d605d) (ScriptedImporter) -> (Import Result ID: '7baf886aea2d2efc609a116c3162ba74') in 0.065746541 seconds [static and dynamic dependencies]. Details - ImportResultOutputID=06377c4681721b0e3a437b4664d09bbc DependenciesID=dfb684d8e310e5a5720240d3b763bf91 StaticDependenciesID=2e090f5698f7a72fb1d40aa1f3685d50 
Number of updated asset objects reloaded before import = 0Number of asset objects unloaded after import = 0

========================================================================
Received Import Request.
  Time since last request: 92.120285 seconds.
  path: Assets/Models/CentralPark.fbx
  importAddress: Guid(127579d8a73e747b39a277d26a70d2db) Importer(815301076,1909f56bfc062723c751e8b465ee728b)
Start importing Assets/Models/CentralPark.fbx using Guid(127579d8a73e747b39a277d26a70d2db) Importer(815301076,1909f56bfc062723c751e8b465ee728b) (PreviewImporter) -> (Import Result ID: '567c8ad0c66ba52280d706ae5344c439') in 1.573633875 seconds [static and dynamic dependencies]. Details - ImportResultOutputID=82c64f535f1d76923fcef8095514ef71 DependenciesID=29fedf580b4d8040c99749101f0c227c StaticDependenciesID=4f4836f6a574f65fe2777e389b664148 
Number of updated asset objects reloaded before import = 0Number of asset objects unloaded after import = 979

========================================================================
Received Import Request.
  Time since last request: 58.862477 seconds.
  path: Assets/New Terrain 1.asset
  importAddress: Guid(b30bedfe7f20e4c27860f2b393f4c77f) Importer(815301076,1909f56bfc062723c751e8b465ee728b)
Start importing Assets/New Terrain 1.asset using Guid(b30bedfe7f20e4c27860f2b393f4c77f) Importer(815301076,1909f56bfc062723c751e8b465ee728b) (PreviewImporter) -> (Import Result ID: '1f53d5f70111baddcc43822f4f20887d') in 0.065936833 seconds [static and dynamic dependencies]. Details - ImportResultOutputID=767a87a4afad8cd7d6023b221fe2c946 DependenciesID=536cac962171d387f2653ebbb551b64f StaticDependenciesID=e02a8eb9fd8b04d623f4775267e4b2d7 
Number of updated asset objects reloaded before import = 0Number of asset objects unloaded after import = 100

========================================================================
Received Import Request.
  Time since last request: 37.670335 seconds.
  path: Assets/Materials/Tree/Broadleaf_Red.mat
  importAddress: Guid(fb5288862513aaa4e8b195260e8e4c69) Importer(815301076,1909f56bfc062723c751e8b465ee728b)
Start importing Assets/Materials/Tree/Broadleaf_Red.mat using Guid(fb5288862513aaa4e8b195260e8e4c69) Importer(815301076,1909f56bfc062723c751e8b465ee728b) (PreviewImporter) -> (Import Result ID: '5482f38d76b2cd27761fb3c9cefbbf88') in 0.037877 seconds [static and dynamic dependencies]. Details - ImportResultOutputID=09ad836ec98fea9f7e000fbccffb991f DependenciesID=8435af6e98d399a8767dd1029370d8ee StaticDependenciesID=d10822f1fd0606e51d6e972a0f3ca47f 
Number of updated asset objects reloaded before import = 0Number of asset objects unloaded after import = 9

========================================================================
Received Import Request.
  Time since last request: 263.646591 seconds.
  path: Assets/Semicon_World.unity
  importAddress: Guid(1908b3c5d79b8493fb9de9daaeaf757c) Importer(2089858483,b0f066a214c2f5e87bad3c948f4d605d)
Start importing Assets/Semicon_World.unity using Guid(1908b3c5d79b8493fb9de9daaeaf757c) Importer(2089858483,b0f066a214c2f5e87bad3c948f4d605d) (ScriptedImporter) -> (Import Result ID: '0b20ad7c3af94318b46b27f0fb4b0682') in 0.126968125 seconds [static and dynamic dependencies]. Details - ImportResultOutputID=d5e4d1f9016bf41e36864bdc123a5cd0 DependenciesID=fa3af207bd0bd3bcbce4ffce85ae8164 StaticDependenciesID=29a8c70706eb92fb6dd759d38eb98281 
Number of updated asset objects reloaded before import = 0Number of asset objects unloaded after import = 1

========================================================================
Received Import Request.
  Time since last request: 4849.652597 seconds.
  path: Assets/Character/Male2.glb
  importAddress: Guid(0eb6e5f89b1fd4e359d5c767783bf79d) Importer(2089858483,b0f066a214c2f5e87bad3c948f4d605d)
Start importing Assets/Character/Male2.glb using Guid(0eb6e5f89b1fd4e359d5c767783bf79d) Importer(2089858483,b0f066a214c2f5e87bad3c948f4d605d) (ScriptedImporter) -> (Import Result ID: 'cab6d4498a763c52011b09a199d2beb4') in 0.283209291 seconds [static and dynamic dependencies]. Details - ImportResultOutputID=912f401319d0335d1226fa3ca60c6ff0 DependenciesID=390ab55c2509f4d5b1976d571990dc5b StaticDependenciesID=b3cbb5d73e03492cb7c42e047b03b3fc 
Number of updated asset objects reloaded before import = 0Number of asset objects unloaded after import = 1

========================================================================
Received Import Request.
  Time since last request: 0.001741 seconds.
  path: Assets/Character
  importAddress: Guid(284fe2b2a0925405ab2b6c2a4f0c7c3b) Importer(2089858483,b0f066a214c2f5e87bad3c948f4d605d)
Start importing Assets/Character using Guid(284fe2b2a0925405ab2b6c2a4f0c7c3b) Importer(2089858483,b0f066a214c2f5e87bad3c948f4d605d) (ScriptedImporter) -> (Import Result ID: '77b467451a13f306b5dca3591e068a6c') in 0.307781792 seconds [static and dynamic dependencies]. Details - ImportResultOutputID=2892d0b5923b700828091d784c21d328 DependenciesID=e6c11660e2d17c67414571613136cdbd StaticDependenciesID=8ce467dc834476a45ebc9a0663f83420 
Number of updated asset objects reloaded before import = 0Number of asset objects unloaded after import = 1

========================================================================
Received Import Request.
  Time since last request: 76.927036 seconds.
  path: Assets/Character
  importAddress: Guid(284fe2b2a0925405ab2b6c2a4f0c7c3b) Importer(815301076,1909f56bfc062723c751e8b465ee728b)
Start importing Assets/Character using Guid(284fe2b2a0925405ab2b6c2a4f0c7c3b) Importer(815301076,1909f56bfc062723c751e8b465ee728b) (PreviewImporter) -> (Import Result ID: '9a5a201c62131bc8a5772d264283dfdc') in 0.026363958 seconds [static and dynamic dependencies]. Details - ImportResultOutputID=3eb481686a2241d2e64a79aeae66d586 DependenciesID=d7e9b1a04c5044f4f992aa4c29fe2991 StaticDependenciesID=a950456f64c06110358cd8662bcbec74 
Number of updated asset objects reloaded before import = 0Number of asset objects unloaded after import = 0

========================================================================
Received Import Request.
  Time since last request: 2.740548 seconds.
  path: Assets/Character/Female1.glb
  importAddress: Guid(21f2afc86000b412989c0b1e9de2940c) Importer(815301076,1909f56bfc062723c751e8b465ee728b)
Start importing Assets/Character/Female1.glb using Guid(21f2afc86000b412989c0b1e9de2940c) Importer(815301076,1909f56bfc062723c751e8b465ee728b) (PreviewImporter) -> (Import Result ID: 'e6034cb08596332eb3b72b9c76149496') in 0.0783995 seconds [static and dynamic dependencies]. Details - ImportResultOutputID=7d95573104427cb83a15791bd2a8fe1f DependenciesID=e51e64099da47be26a4367e6c5e1afa1 StaticDependenciesID=728e2f422dfc82186770c2d10830981e 
Number of updated asset objects reloaded before import = 0Number of asset objects unloaded after import = 1

